Testing with: data\raw\66cdNational medicines regulatory authority act, no. 5 of 2015 - Eng.pdf
Total chunks: 98
Unique pages found: [1, 2, 3, 4, 5, 6, 7, 8, 9, 10, 11, 12, 13, 14, 15, 16, 17, 18, 19, 20, 21, 22, 23, 24, 25, 26, 27, 28, 29, 30, 31, 32, 33, 34, 35, 36, 37, 38, 39, 40, 41, 42, 43, 44, 45, 46, 47, 48, 49, 50]
SUCCESS: Multiple pages detected.
Chunk 0: Source=66cdNational medicines regulatory authority act, no. 5 of 2015 - Eng.pdf, Page=1
Chunk 1: Source=66cdNational medicines regulatory authority act, no. 5 of 2015 - Eng.pdf, Page=2
Chunk 2: Source=66cdNational medicines regulatory authority act, no. 5 of 2015 - Eng.pdf, Page=3
Chunk 3: Source=66cdNational medicines regulatory authority act, no. 5 of 2015 - Eng.pdf, Page=4
Chunk 4: Source=66cdNational medicines regulatory authority act, no. 5 of 2015 - Eng.pdf, Page=5
Chunk 5: Source=66cdNational medicines regulatory authority act, no. 5 of 2015 - Eng.pdf, Page=6
Chunk 6: Source=66cdNational medicines regulatory authority act, no. 5 of 2015 - Eng.pdf, Page=7
Chunk 7: Source=66cdNational medicines regulatory authority act, no. 5 of 2015 - Eng.pdf, Page=8
Chunk 8: Source=66cdNational medicines regulatory authority act, no. 5 of 2015 - Eng.pdf, Page=9
Chunk 9: Source=66cdNational medicines regulatory authority act, no. 5 of 2015 - Eng.pdf, Page=10
